Nothing to build in platform 'Final_Project'

17:10:49 **** Incremental Build of configuration Debug for project Voice_Game_Software ****
make all 
make: Warning: File 'src/subdir.mk' has modification time 134 s in the future
Building file: ../src/wake_word.c
Invoking: MicroBlaze gcc compiler
mb-gcc -Wall -O0 -g3 -c -fmessage-length=0 -MT"src/wake_word.o" -I/home/jashshah/Desktop/Embedded_Lab/HW_SW_Interface/Voice_Control_Game/workspace/Final_Project/export/Final_Project/sw/Final_Project/standalone_domain/bspinclude/include -mlittle-endian -mxl-barrel-shift -mno-xl-soft-div -mcpu=v11.0 -mno-xl-soft-mul -mhard-float -Wl,--no-relax -ffunction-sections -fdata-sections -MMD -MP -MF"src/wake_word.d" -MT"src/wake_word.o" -o "src/wake_word.o" "../src/wake_word.c"
Finished building: ../src/wake_word.c
 
Building target: Voice_Game_Software.elf
Invoking: MicroBlaze gcc linker
mb-gcc -Wl,-T -Wl,../src/lscript.ld -L/home/jashshah/Desktop/Embedded_Lab/HW_SW_Interface/Voice_Control_Game/workspace/Final_Project/export/Final_Project/sw/Final_Project/standalone_domain/bsplib/lib -mlittle-endian -mxl-barrel-shift -mno-xl-soft-div -mcpu=v11.0 -mno-xl-soft-mul -mhard-float -Wl,--no-relax -Wl,--gc-sections -o "Voice_Game_Software.elf"  ./src/complex.o ./src/fft.o ./src/main.o ./src/platform.o ./src/stream_grabber.o ./src/trig.o ./src/wake_word.o   -Wl,--start-group,-lxil,-lgcc,-lc,--end-group
Finished building target: Voice_Game_Software.elf
 
Invoking: MicroBlaze Print Size
mb-size Voice_Game_Software.elf  |tee "Voice_Game_Software.elf.size"
   text	   data	    bss	    dec	    hex	filename
  30772	    400	  14460	  45632	   b240	Voice_Game_Software.elf
Finished building: Voice_Game_Software.elf.size
 
make: warning:  Clock skew detected.  Your build may be incomplete.
17:10:49 **** Incremental Build of configuration Debug for project Voice_Game_Software_system ****
make all 
Skipping SD card image generation. Reason: The system project only has applications for microblaze processors.
