17:13:30 DEBUG : Logs will be stored at '/home/jashshah/Desktop/Embedded_Lab/HW_SW_Interface/Game_Buttons_RTOS/workspace/IDE.log'.
17:13:36 INFO  : Launching XSCT server: xsct -n  -interactive /home/jashshah/Desktop/Embedded_Lab/HW_SW_Interface/Game_Buttons_RTOS/workspace/temp_xsdb_launch_script.tcl
17:13:36 INFO  : Registering command handlers for Vitis TCF services
17:13:37 INFO  : Platform repository initialization has completed.
17:13:38 INFO  : XSCT server has started successfully.
17:13:38 INFO  : plnx-install-location is set to ''
17:13:40 INFO  : Successfully done setting XSCT server connection channel  
17:13:40 INFO  : Successfully done query RDI_DATADIR 
17:13:40 INFO  : Successfully done setting workspace for the tool. 
17:14:51 INFO  : Result from executing command 'getProjects': Maze_Solver
17:14:51 INFO  : Result from executing command 'getPlatforms': xilinx_vck190_base_202210_1|/ece/Xilinx/Vitis/2022.1/base_platforms/xilinx_vck190_base_202210_1/xilinx_vck190_base_202210_1.xpfm;xilinx_vck190_base_dfx_202210_1|/ece/Xilinx/Vitis/2022.1/base_platforms/xilinx_vck190_base_dfx_202210_1/xilinx_vck190_base_dfx_202210_1.xpfm;xilinx_vmk180_base_202210_1|/ece/Xilinx/Vitis/2022.1/base_platforms/xilinx_vmk180_base_202210_1/xilinx_vmk180_base_202210_1.xpfm;xilinx_zcu102_base_202210_1|/ece/Xilinx/Vitis/2022.1/base_platforms/xilinx_zcu102_base_202210_1/xilinx_zcu102_base_202210_1.xpfm;xilinx_zcu102_base_dfx_202210_1|/ece/Xilinx/Vitis/2022.1/base_platforms/xilinx_zcu102_base_dfx_202210_1/xilinx_zcu102_base_dfx_202210_1.xpfm;xilinx_zcu104_base_202210_1|/ece/Xilinx/Vitis/2022.1/base_platforms/xilinx_zcu104_base_202210_1/xilinx_zcu104_base_202210_1.xpfm
17:15:49 INFO  : Result from executing command 'getProjects': Maze_Solver
17:15:49 INFO  : Result from executing command 'getPlatforms': Maze_Solver|/home/jashshah/Desktop/Embedded_Lab/HW_SW_Interface/Game_Buttons_RTOS/workspace/Maze_Solver/export/Maze_Solver/Maze_Solver.xpfm;xilinx_vck190_base_202210_1|/ece/Xilinx/Vitis/2022.1/base_platforms/xilinx_vck190_base_202210_1/xilinx_vck190_base_202210_1.xpfm;xilinx_vck190_base_dfx_202210_1|/ece/Xilinx/Vitis/2022.1/base_platforms/xilinx_vck190_base_dfx_202210_1/xilinx_vck190_base_dfx_202210_1.xpfm;xilinx_vmk180_base_202210_1|/ece/Xilinx/Vitis/2022.1/base_platforms/xilinx_vmk180_base_202210_1/xilinx_vmk180_base_202210_1.xpfm;xilinx_zcu102_base_202210_1|/ece/Xilinx/Vitis/2022.1/base_platforms/xilinx_zcu102_base_202210_1/xilinx_zcu102_base_202210_1.xpfm;xilinx_zcu102_base_dfx_202210_1|/ece/Xilinx/Vitis/2022.1/base_platforms/xilinx_zcu102_base_dfx_202210_1/xilinx_zcu102_base_dfx_202210_1.xpfm;xilinx_zcu104_base_202210_1|/ece/Xilinx/Vitis/2022.1/base_platforms/xilinx_zcu104_base_202210_1/xilinx_zcu104_base_202210_1.xpfm
17:15:53 INFO  : Checking for BSP changes to sync application flags for project 'Maze_Solver_Draft_1'...
17:18:14 INFO  : Checking for BSP changes to sync application flags for project 'Maze_Solver_Draft_1'...
17:18:22 INFO  : Connected to target on host '127.0.0.1' and port '3121'.
17:18:23 INFO  : Jtag cable 'RealDigital Boo 8874042404B4A' is selected.
17:18:24 INFO  : 'jtag frequency' command is executed.
17:18:24 INFO  : 'targets -set -filter {jtag_cable_name =~ "RealDigital Boo 8874042404B4A" && level==0 && jtag_device_ctx=="jsn1-0362f093-0"}' command is executed.
17:18:26 INFO  : Device configured successfully with "/home/jashshah/Desktop/Embedded_Lab/HW_SW_Interface/Game_Buttons_RTOS/workspace/Maze_Solver_Draft_1/_ide/bitstream/bd_wrapper.bit"
17:18:26 INFO  : Context for processor 'microblaze_0' is selected.
17:18:27 INFO  : Hardware design and registers information is loaded from '/home/jashshah/Desktop/Embedded_Lab/HW_SW_Interface/Game_Buttons_RTOS/workspace/Maze_Solver/export/Maze_Solver/hw/bd_wrapper.xsa'.
17:18:27 INFO  : 'configparams mdm-detect-bscan-mask 2' command is executed.
17:18:27 INFO  : Context for processor 'microblaze_0' is selected.
17:18:27 INFO  : System reset is completed.
17:18:30 INFO  : 'after 3000' command is executed.
17:18:30 INFO  : Context for processor 'microblaze_0' is selected.
17:18:31 INFO  : The application '/home/jashshah/Desktop/Embedded_Lab/HW_SW_Interface/Game_Buttons_RTOS/workspace/Maze_Solver_Draft_1/Debug/Maze_Solver_Draft_1.elf' is downloaded to processor 'microblaze_0'.
17:18:31 INFO  : ----------------XSDB Script----------------
connect -url tcp:127.0.0.1:3121
targets -set -filter {jtag_cable_name =~ "RealDigital Boo 8874042404B4A" && level==0 && jtag_device_ctx=="jsn1-0362f093-0"}
fpga -file /home/jashshah/Desktop/Embedded_Lab/HW_SW_Interface/Game_Buttons_RTOS/workspace/Maze_Solver_Draft_1/_ide/bitstream/bd_wrapper.bit
targets -set -nocase -filter {name =~ "*microblaze*#0" && bscan=="USER2" }
loadhw -hw /home/jashshah/Desktop/Embedded_Lab/HW_SW_Interface/Game_Buttons_RTOS/workspace/Maze_Solver/export/Maze_Solver/hw/bd_wrapper.xsa -regs
configparams mdm-detect-bscan-mask 2
targets -set -nocase -filter {name =~ "*microblaze*#0" && bscan=="USER2" }
rst -system
after 3000
targets -set -nocase -filter {name =~ "*microblaze*#0" && bscan=="USER2" }
dow /home/jashshah/Desktop/Embedded_Lab/HW_SW_Interface/Game_Buttons_RTOS/workspace/Maze_Solver_Draft_1/Debug/Maze_Solver_Draft_1.elf
----------------End of Script----------------

17:18:31 INFO  : Context for processor 'microblaze_0' is selected.
17:18:31 INFO  : 'con' command is executed.
17:18:31 INFO  : ----------------XSDB Script (After Launch)----------------
targets -set -nocase -filter {name =~ "*microblaze*#0" && bscan=="USER2" }
con
----------------End of Script----------------

17:18:31 INFO  : Launch script is exported to file '/home/jashshah/Desktop/Embedded_Lab/HW_SW_Interface/Game_Buttons_RTOS/workspace/Maze_Solver_Draft_1_system/_ide/scripts/systemdebugger_maze_solver_draft_1_system_standalone.tcl'
17:18:48 INFO  : Checking for BSP changes to sync application flags for project 'Maze_Solver_Draft_1'...
17:18:55 INFO  : Checking for BSP changes to sync application flags for project 'Maze_Solver_Draft_1'...
17:41:51 INFO  : Checking for BSP changes to sync application flags for project 'Maze_Solver_Draft_1'...
18:03:00 INFO  : Checking for BSP changes to sync application flags for project 'Maze_Solver_Draft_1'...
18:03:06 INFO  : Disconnected from the channel tcfchan#2.
15:28:58 DEBUG : Logs will be stored at '/home/jashshah/Desktop/Embedded_Lab/HW_SW_Interface/Game_Buttons_RTOS/workspace/IDE.log'.
15:28:59 INFO  : Launching XSCT server: xsct -n  -interactive /home/jashshah/Desktop/Embedded_Lab/HW_SW_Interface/Game_Buttons_RTOS/workspace/temp_xsdb_launch_script.tcl
15:29:05 INFO  : Registering command handlers for Vitis TCF services
15:29:05 INFO  : XSCT server has started successfully.
15:29:05 INFO  : Platform repository initialization has completed.
15:29:07 INFO  : Successfully done setting XSCT server connection channel  
15:29:07 INFO  : plnx-install-location is set to ''
15:29:07 INFO  : Successfully done query RDI_DATADIR 
15:29:07 INFO  : Successfully done setting workspace for the tool. 
15:31:14 INFO  : Checking for BSP changes to sync application flags for project 'Maze_Solver_Draft_1'...
15:31:44 INFO  : Connected to target on host '127.0.0.1' and port '3121'.
15:31:46 INFO  : Jtag cable 'RealDigital Boo 8874042404B4A' is selected.
15:31:46 INFO  : 'jtag frequency' command is executed.
15:31:46 INFO  : 'targets -set -filter {jtag_cable_name =~ "RealDigital Boo 8874042404B4A" && level==0 && jtag_device_ctx=="jsn1-0362f093-0"}' command is executed.
15:31:48 INFO  : Device configured successfully with "/home/jashshah/Desktop/Embedded_Lab/HW_SW_Interface/Game_Buttons_RTOS/workspace/Maze_Solver_Draft_1/_ide/bitstream/bd_wrapper.bit"
15:31:48 INFO  : Context for processor 'microblaze_0' is selected.
15:31:49 INFO  : Hardware design and registers information is loaded from '/home/jashshah/Desktop/Embedded_Lab/HW_SW_Interface/Game_Buttons_RTOS/workspace/Maze_Solver/export/Maze_Solver/hw/bd_wrapper.xsa'.
15:31:49 INFO  : 'configparams mdm-detect-bscan-mask 2' command is executed.
15:31:49 INFO  : Context for processor 'microblaze_0' is selected.
15:31:49 INFO  : System reset is completed.
15:31:52 INFO  : 'after 3000' command is executed.
15:31:52 INFO  : Context for processor 'microblaze_0' is selected.
15:31:55 INFO  : The application '/home/jashshah/Desktop/Embedded_Lab/HW_SW_Interface/Game_Buttons_RTOS/workspace/Maze_Solver_Draft_1/Debug/Maze_Solver_Draft_1.elf' is downloaded to processor 'microblaze_0'.
15:31:55 INFO  : ----------------XSDB Script----------------
connect -url tcp:127.0.0.1:3121
targets -set -filter {jtag_cable_name =~ "RealDigital Boo 8874042404B4A" && level==0 && jtag_device_ctx=="jsn1-0362f093-0"}
fpga -file /home/jashshah/Desktop/Embedded_Lab/HW_SW_Interface/Game_Buttons_RTOS/workspace/Maze_Solver_Draft_1/_ide/bitstream/bd_wrapper.bit
targets -set -nocase -filter {name =~ "*microblaze*#0" && bscan=="USER2" }
loadhw -hw /home/jashshah/Desktop/Embedded_Lab/HW_SW_Interface/Game_Buttons_RTOS/workspace/Maze_Solver/export/Maze_Solver/hw/bd_wrapper.xsa -regs
configparams mdm-detect-bscan-mask 2
targets -set -nocase -filter {name =~ "*microblaze*#0" && bscan=="USER2" }
rst -system
after 3000
targets -set -nocase -filter {name =~ "*microblaze*#0" && bscan=="USER2" }
dow /home/jashshah/Desktop/Embedded_Lab/HW_SW_Interface/Game_Buttons_RTOS/workspace/Maze_Solver_Draft_1/Debug/Maze_Solver_Draft_1.elf
----------------End of Script----------------

15:31:55 INFO  : Context for processor 'microblaze_0' is selected.
15:31:55 INFO  : 'con' command is executed.
15:31:55 INFO  : ----------------XSDB Script (After Launch)----------------
targets -set -nocase -filter {name =~ "*microblaze*#0" && bscan=="USER2" }
con
----------------End of Script----------------

15:31:55 INFO  : Launch script is exported to file '/home/jashshah/Desktop/Embedded_Lab/HW_SW_Interface/Game_Buttons_RTOS/workspace/Maze_Solver_Draft_1_system/_ide/scripts/systemdebugger_maze_solver_draft_1_system_1_standalone.tcl'
15:34:44 INFO  : Disconnected from the channel tcfchan#1.
15:34:44 INFO  : Connected to target on host '127.0.0.1' and port '3121'.
15:35:03 INFO  : Result from executing command 'getProjects': Maze_Solver
15:35:06 INFO  : ----------------XSDB Script----------------
connect -url tcp:127.0.0.1:3121
----------------End of Script----------------

15:35:06 ERROR : Could not find FPGA device on the board for connection 'Local'.


Troubleshooting hints:
1. Check whether board is connected to system properly.
2. In case of zynq board, check whether Digilent/Xilinx cable switch settings are correct.
3. If you are using Xilinx Platform Cable USB, ensure that status LED is green.
15:35:06 INFO  : Result from executing command 'getPlatforms': Maze_Solver|/home/jashshah/Desktop/Embedded_Lab/HW_SW_Interface/Game_Buttons_RTOS/workspace/Maze_Solver/export/Maze_Solver/Maze_Solver.xpfm;xilinx_vck190_base_202210_1|/ece/Xilinx/Vitis/2022.1/base_platforms/xilinx_vck190_base_202210_1/xilinx_vck190_base_202210_1.xpfm;xilinx_vck190_base_dfx_202210_1|/ece/Xilinx/Vitis/2022.1/base_platforms/xilinx_vck190_base_dfx_202210_1/xilinx_vck190_base_dfx_202210_1.xpfm;xilinx_vmk180_base_202210_1|/ece/Xilinx/Vitis/2022.1/base_platforms/xilinx_vmk180_base_202210_1/xilinx_vmk180_base_202210_1.xpfm;xilinx_zcu102_base_202210_1|/ece/Xilinx/Vitis/2022.1/base_platforms/xilinx_zcu102_base_202210_1/xilinx_zcu102_base_202210_1.xpfm;xilinx_zcu102_base_dfx_202210_1|/ece/Xilinx/Vitis/2022.1/base_platforms/xilinx_zcu102_base_dfx_202210_1/xilinx_zcu102_base_dfx_202210_1.xpfm;xilinx_zcu104_base_202210_1|/ece/Xilinx/Vitis/2022.1/base_platforms/xilinx_zcu104_base_202210_1/xilinx_zcu104_base_202210_1.xpfm
15:35:10 INFO  : Checking for BSP changes to sync application flags for project 'Maze_Solver_Draft_1'...
15:35:12 INFO  : Checking for BSP changes to sync application flags for project 'Maze_Solver_Draft_1'...
15:35:19 INFO  : Connected to target on host '127.0.0.1' and port '3121'.
15:35:37 INFO  : ----------------XSDB Script----------------
connect -url tcp:127.0.0.1:3121
----------------End of Script----------------

15:35:37 ERROR : Could not find FPGA device on the board for connection 'Local'.


Troubleshooting hints:
1. Check whether board is connected to system properly.
2. In case of zynq board, check whether Digilent/Xilinx cable switch settings are correct.
3. If you are using Xilinx Platform Cable USB, ensure that status LED is green.
15:35:52 INFO  : Connected to target on host '127.0.0.1' and port '3121'.
15:36:10 INFO  : ----------------XSDB Script----------------
connect -url tcp:127.0.0.1:3121
----------------End of Script----------------

15:36:10 ERROR : Could not find FPGA device on the board for connection 'Local'.


Troubleshooting hints:
1. Check whether board is connected to system properly.
2. In case of zynq board, check whether Digilent/Xilinx cable switch settings are correct.
3. If you are using Xilinx Platform Cable USB, ensure that status LED is green.
15:36:14 INFO  : Connected to target on host '127.0.0.1' and port '3121'.
15:36:29 INFO  : ----------------XSDB Script----------------
connect -url tcp:127.0.0.1:3121
----------------End of Script----------------

15:37:12 DEBUG : Logs will be stored at '/home/jashshah/Desktop/Embedded_Lab/HW_SW_Interface/Game_Buttons_RTOS/workspace/IDE.log'.
15:37:12 INFO  : Launching XSCT server: xsct -n  -interactive /home/jashshah/Desktop/Embedded_Lab/HW_SW_Interface/Game_Buttons_RTOS/workspace/temp_xsdb_launch_script.tcl
15:37:13 INFO  : Registering command handlers for Vitis TCF services
15:37:13 INFO  : Platform repository initialization has completed.
15:37:14 INFO  : XSCT server has started successfully.
15:37:16 INFO  : plnx-install-location is set to ''
15:37:16 INFO  : Successfully done setting XSCT server connection channel  
15:37:16 INFO  : Successfully done query RDI_DATADIR 
15:37:16 INFO  : Successfully done setting workspace for the tool. 
15:37:21 INFO  : Checking for BSP changes to sync application flags for project 'Maze_Solver_Draft_1'...
15:37:42 INFO  : Connected to target on host '127.0.0.1' and port '3121'.
15:38:00 INFO  : ----------------XSDB Script----------------
connect -url tcp:127.0.0.1:3121
----------------End of Script----------------

15:38:00 ERROR : Could not find FPGA device on the board for connection 'Local'.


Troubleshooting hints:
1. Check whether board is connected to system properly.
2. In case of zynq board, check whether Digilent/Xilinx cable switch settings are correct.
3. If you are using Xilinx Platform Cable USB, ensure that status LED is green.
15:38:57 INFO  : Checking for BSP changes to sync application flags for project 'Maze_Solver_Draft_1'...
15:39:03 INFO  : Connected to target on host '127.0.0.1' and port '3121'.
15:39:21 INFO  : ----------------XSDB Script----------------
connect -url tcp:127.0.0.1:3121
----------------End of Script----------------

15:39:21 ERROR : Could not find FPGA device on the board for connection 'Local'.


Troubleshooting hints:
1. Check whether board is connected to system properly.
2. In case of zynq board, check whether Digilent/Xilinx cable switch settings are correct.
3. If you are using Xilinx Platform Cable USB, ensure that status LED is green.
15:39:29 INFO  : Connected to target on host '127.0.0.1' and port '3121'.
15:39:47 INFO  : ----------------XSDB Script----------------
connect -url tcp:127.0.0.1:3121
----------------End of Script----------------

15:39:47 ERROR : Could not find FPGA device on the board for connection 'Local'.


Troubleshooting hints:
1. Check whether board is connected to system properly.
2. In case of zynq board, check whether Digilent/Xilinx cable switch settings are correct.
3. If you are using Xilinx Platform Cable USB, ensure that status LED is green.
15:39:53 INFO  : Connected to target on host '127.0.0.1' and port '3121'.
15:40:11 INFO  : ----------------XSDB Script----------------
connect -url tcp:127.0.0.1:3121
----------------End of Script----------------

15:40:11 ERROR : Could not find FPGA device on the board for connection 'Local'.


Troubleshooting hints:
1. Check whether board is connected to system properly.
2. In case of zynq board, check whether Digilent/Xilinx cable switch settings are correct.
3. If you are using Xilinx Platform Cable USB, ensure that status LED is green.
17:01:44 INFO  : Result from executing command 'getProjects': Maze_Solver
17:01:44 INFO  : Result from executing command 'getPlatforms': Maze_Solver|/home/jashshah/Desktop/Embedded_Lab/HW_SW_Interface/Game_Buttons_RTOS/workspace/Maze_Solver/export/Maze_Solver/Maze_Solver.xpfm;xilinx_vck190_base_202210_1|/ece/Xilinx/Vitis/2022.1/base_platforms/xilinx_vck190_base_202210_1/xilinx_vck190_base_202210_1.xpfm;xilinx_vck190_base_dfx_202210_1|/ece/Xilinx/Vitis/2022.1/base_platforms/xilinx_vck190_base_dfx_202210_1/xilinx_vck190_base_dfx_202210_1.xpfm;xilinx_vmk180_base_202210_1|/ece/Xilinx/Vitis/2022.1/base_platforms/xilinx_vmk180_base_202210_1/xilinx_vmk180_base_202210_1.xpfm;xilinx_zcu102_base_202210_1|/ece/Xilinx/Vitis/2022.1/base_platforms/xilinx_zcu102_base_202210_1/xilinx_zcu102_base_202210_1.xpfm;xilinx_zcu102_base_dfx_202210_1|/ece/Xilinx/Vitis/2022.1/base_platforms/xilinx_zcu102_base_dfx_202210_1/xilinx_zcu102_base_dfx_202210_1.xpfm;xilinx_zcu104_base_202210_1|/ece/Xilinx/Vitis/2022.1/base_platforms/xilinx_zcu104_base_202210_1/xilinx_zcu104_base_202210_1.xpfm
17:01:48 INFO  : Checking for BSP changes to sync application flags for project 'Maze_Solver_Draft_1'...
17:03:01 INFO  : Checking for BSP changes to sync application flags for project 'Maze_Solver_Draft_1'...
17:03:15 INFO  : Checking for BSP changes to sync application flags for project 'Maze_Solver_Draft_1'...
17:04:31 INFO  : Checking for BSP changes to sync application flags for project 'Maze_Solver_Draft_1'...
17:06:02 INFO  : Checking for BSP changes to sync application flags for project 'Maze_Solver_Draft_1'...
17:07:01 INFO  : Checking for BSP changes to sync application flags for project 'Maze_Solver_Draft_1'...
17:07:07 INFO  : Connected to target on host '127.0.0.1' and port '3121'.
17:07:25 INFO  : ----------------XSDB Script----------------
connect -url tcp:127.0.0.1:3121
----------------End of Script----------------

17:07:25 ERROR : Could not find FPGA device on the board for connection 'Local'.


Troubleshooting hints:
1. Check whether board is connected to system properly.
2. In case of zynq board, check whether Digilent/Xilinx cable switch settings are correct.
3. If you are using Xilinx Platform Cable USB, ensure that status LED is green.
17:24:03 INFO  : Checking for BSP changes to sync application flags for project 'Maze_Solver_Draft_1'...
17:26:08 INFO  : Checking for BSP changes to sync application flags for project 'Maze_Solver_Draft_1'...
17:26:32 INFO  : Checking for BSP changes to sync application flags for project 'Maze_Solver_Draft_1'...
17:26:47 INFO  : Checking for BSP changes to sync application flags for project 'Maze_Solver_Draft_1'...
17:27:32 INFO  : Checking for BSP changes to sync application flags for project 'Maze_Solver_Draft_1'...
17:27:44 INFO  : Checking for BSP changes to sync application flags for project 'Maze_Solver_Draft_1'...
23:40:26 DEBUG : Logs will be stored at '/home/jashshah/Desktop/Embedded_Lab/HW_SW_Interface/Game_Buttons_RTOS/workspace/IDE.log'.
23:40:30 INFO  : Launching XSCT server: xsct -n  -interactive /home/jashshah/Desktop/Embedded_Lab/HW_SW_Interface/Game_Buttons_RTOS/workspace/temp_xsdb_launch_script.tcl
23:40:32 INFO  : Registering command handlers for Vitis TCF services
23:40:32 INFO  : XSCT server has started successfully.
23:40:33 INFO  : Successfully done setting XSCT server connection channel  
23:40:33 INFO  : plnx-install-location is set to ''
23:40:33 INFO  : Platform repository initialization has completed.
23:40:34 INFO  : Successfully done setting workspace for the tool. 
23:40:34 INFO  : Successfully done query RDI_DATADIR 
23:40:40 INFO  : Checking for BSP changes to sync application flags for project 'Maze_Solver_Draft_1'...
23:42:22 INFO  : Checking for BSP changes to sync application flags for project 'Maze_Solver_Draft_1'...
23:42:52 INFO  : Checking for BSP changes to sync application flags for project 'Maze_Solver_Draft_1'...
23:43:14 INFO  : Checking for BSP changes to sync application flags for project 'Maze_Solver_Draft_1'...
23:43:26 INFO  : Checking for BSP changes to sync application flags for project 'Maze_Solver_Draft_1'...
23:43:35 INFO  : Checking for BSP changes to sync application flags for project 'Maze_Solver_Draft_1'...
23:43:41 INFO  : Connected to target on host '127.0.0.1' and port '3121'.
23:43:42 INFO  : Jtag cable 'RealDigital Boo 8874042404B4A' is selected.
23:43:42 INFO  : 'jtag frequency' command is executed.
23:43:42 INFO  : 'targets -set -filter {jtag_cable_name =~ "RealDigital Boo 8874042404B4A" && level==0 && jtag_device_ctx=="jsn1-0362f093-0"}' command is executed.
23:43:44 INFO  : Device configured successfully with "/home/jashshah/Desktop/Embedded_Lab/HW_SW_Interface/Game_Buttons_RTOS/workspace/Maze_Solver_Draft_1/_ide/bitstream/bd_wrapper.bit"
23:43:44 INFO  : Context for processor 'microblaze_0' is selected.
23:43:44 INFO  : Hardware design and registers information is loaded from '/home/jashshah/Desktop/Embedded_Lab/HW_SW_Interface/Game_Buttons_RTOS/workspace/Maze_Solver/export/Maze_Solver/hw/bd_wrapper.xsa'.
23:43:44 INFO  : 'configparams mdm-detect-bscan-mask 2' command is executed.
23:43:44 INFO  : Context for processor 'microblaze_0' is selected.
23:43:44 INFO  : System reset is completed.
23:43:47 INFO  : 'after 3000' command is executed.
23:43:47 INFO  : Context for processor 'microblaze_0' is selected.
23:43:49 INFO  : The application '/home/jashshah/Desktop/Embedded_Lab/HW_SW_Interface/Game_Buttons_RTOS/workspace/Maze_Solver_Draft_1/Debug/Maze_Solver_Draft_1.elf' is downloaded to processor 'microblaze_0'.
23:43:49 INFO  : ----------------XSDB Script----------------
connect -url tcp:127.0.0.1:3121
targets -set -filter {jtag_cable_name =~ "RealDigital Boo 8874042404B4A" && level==0 && jtag_device_ctx=="jsn1-0362f093-0"}
fpga -file /home/jashshah/Desktop/Embedded_Lab/HW_SW_Interface/Game_Buttons_RTOS/workspace/Maze_Solver_Draft_1/_ide/bitstream/bd_wrapper.bit
targets -set -nocase -filter {name =~ "*microblaze*#0" && bscan=="USER2" }
loadhw -hw /home/jashshah/Desktop/Embedded_Lab/HW_SW_Interface/Game_Buttons_RTOS/workspace/Maze_Solver/export/Maze_Solver/hw/bd_wrapper.xsa -regs
configparams mdm-detect-bscan-mask 2
targets -set -nocase -filter {name =~ "*microblaze*#0" && bscan=="USER2" }
rst -system
after 3000
targets -set -nocase -filter {name =~ "*microblaze*#0" && bscan=="USER2" }
dow /home/jashshah/Desktop/Embedded_Lab/HW_SW_Interface/Game_Buttons_RTOS/workspace/Maze_Solver_Draft_1/Debug/Maze_Solver_Draft_1.elf
----------------End of Script----------------

23:43:49 INFO  : Context for processor 'microblaze_0' is selected.
23:43:49 INFO  : 'con' command is executed.
23:43:49 INFO  : ----------------XSDB Script (After Launch)----------------
targets -set -nocase -filter {name =~ "*microblaze*#0" && bscan=="USER2" }
con
----------------End of Script----------------

23:43:49 INFO  : Launch script is exported to file '/home/jashshah/Desktop/Embedded_Lab/HW_SW_Interface/Game_Buttons_RTOS/workspace/Maze_Solver_Draft_1_system/_ide/scripts/systemdebugger_maze_solver_draft_1_system_standalone.tcl'
23:45:23 INFO  : Checking for BSP changes to sync application flags for project 'Maze_Solver_Draft_1'...
23:45:27 INFO  : Disconnected from the channel tcfchan#1.
23:45:27 INFO  : Connected to target on host '127.0.0.1' and port '3121'.
23:45:27 INFO  : Jtag cable 'RealDigital Boo 8874042404B4A' is selected.
23:45:27 INFO  : 'jtag frequency' command is executed.
23:45:27 INFO  : 'targets -set -filter {jtag_cable_name =~ "RealDigital Boo 8874042404B4A" && level==0 && jtag_device_ctx=="jsn1-0362f093-0"}' command is executed.
23:45:29 INFO  : Device configured successfully with "/home/jashshah/Desktop/Embedded_Lab/HW_SW_Interface/Game_Buttons_RTOS/workspace/Maze_Solver_Draft_1/_ide/bitstream/bd_wrapper.bit"
23:45:29 INFO  : Context for processor 'microblaze_0' is selected.
23:45:29 INFO  : Hardware design and registers information is loaded from '/home/jashshah/Desktop/Embedded_Lab/HW_SW_Interface/Game_Buttons_RTOS/workspace/Maze_Solver/export/Maze_Solver/hw/bd_wrapper.xsa'.
23:45:29 INFO  : 'configparams mdm-detect-bscan-mask 2' command is executed.
23:45:29 INFO  : Context for processor 'microblaze_0' is selected.
23:45:29 INFO  : System reset is completed.
23:45:32 INFO  : 'after 3000' command is executed.
23:45:33 INFO  : Context for processor 'microblaze_0' is selected.
23:45:34 INFO  : The application '/home/jashshah/Desktop/Embedded_Lab/HW_SW_Interface/Game_Buttons_RTOS/workspace/Maze_Solver_Draft_1/Debug/Maze_Solver_Draft_1.elf' is downloaded to processor 'microblaze_0'.
23:45:34 INFO  : ----------------XSDB Script----------------
connect -url tcp:127.0.0.1:3121
targets -set -filter {jtag_cable_name =~ "RealDigital Boo 8874042404B4A" && level==0 && jtag_device_ctx=="jsn1-0362f093-0"}
fpga -file /home/jashshah/Desktop/Embedded_Lab/HW_SW_Interface/Game_Buttons_RTOS/workspace/Maze_Solver_Draft_1/_ide/bitstream/bd_wrapper.bit
targets -set -nocase -filter {name =~ "*microblaze*#0" && bscan=="USER2" }
loadhw -hw /home/jashshah/Desktop/Embedded_Lab/HW_SW_Interface/Game_Buttons_RTOS/workspace/Maze_Solver/export/Maze_Solver/hw/bd_wrapper.xsa -regs
configparams mdm-detect-bscan-mask 2
targets -set -nocase -filter {name =~ "*microblaze*#0" && bscan=="USER2" }
rst -system
after 3000
targets -set -nocase -filter {name =~ "*microblaze*#0" && bscan=="USER2" }
dow /home/jashshah/Desktop/Embedded_Lab/HW_SW_Interface/Game_Buttons_RTOS/workspace/Maze_Solver_Draft_1/Debug/Maze_Solver_Draft_1.elf
----------------End of Script----------------

23:45:34 INFO  : Context for processor 'microblaze_0' is selected.
23:45:35 INFO  : 'con' command is executed.
23:45:35 INFO  : ----------------XSDB Script (After Launch)----------------
targets -set -nocase -filter {name =~ "*microblaze*#0" && bscan=="USER2" }
con
----------------End of Script----------------

23:45:35 INFO  : Launch script is exported to file '/home/jashshah/Desktop/Embedded_Lab/HW_SW_Interface/Game_Buttons_RTOS/workspace/Maze_Solver_Draft_1_system/_ide/scripts/systemdebugger_maze_solver_draft_1_system_standalone.tcl'
23:47:16 INFO  : Checking for BSP changes to sync application flags for project 'Maze_Solver_Draft_1'...
23:47:29 INFO  : Disconnected from the channel tcfchan#2.
23:47:29 INFO  : Connected to target on host '127.0.0.1' and port '3121'.
23:47:47 INFO  : ----------------XSDB Script----------------
connect -url tcp:127.0.0.1:3121
----------------End of Script----------------

23:47:47 ERROR : Could not find FPGA device on the board for connection 'Local'.


Troubleshooting hints:
1. Check whether board is connected to system properly.
2. In case of zynq board, check whether Digilent/Xilinx cable switch settings are correct.
3. If you are using Xilinx Platform Cable USB, ensure that status LED is green.
23:48:06 INFO  : Checking for BSP changes to sync application flags for project 'Maze_Solver_Draft_1'...
23:48:09 INFO  : Connected to target on host '127.0.0.1' and port '3121'.
23:48:27 INFO  : ----------------XSDB Script----------------
connect -url tcp:127.0.0.1:3121
----------------End of Script----------------

23:48:27 ERROR : Could not find FPGA device on the board for connection 'Local'.


Troubleshooting hints:
1. Check whether board is connected to system properly.
2. In case of zynq board, check whether Digilent/Xilinx cable switch settings are correct.
3. If you are using Xilinx Platform Cable USB, ensure that status LED is green.
00:48:57 DEBUG : Logs will be stored at '/home/jashshah/Desktop/Embedded_Lab/HW_SW_Interface/Game_Buttons_RTOS/workspace/IDE.log'.
00:48:58 INFO  : Launching XSCT server: xsct -n  -interactive /home/jashshah/Desktop/Embedded_Lab/HW_SW_Interface/Game_Buttons_RTOS/workspace/temp_xsdb_launch_script.tcl
00:48:59 INFO  : Registering command handlers for Vitis TCF services
00:49:00 INFO  : XSCT server has started successfully.
00:49:00 INFO  : plnx-install-location is set to ''
00:49:00 INFO  : Successfully done setting XSCT server connection channel  
00:49:00 INFO  : Platform repository initialization has completed.
00:49:01 INFO  : Successfully done setting workspace for the tool. 
00:49:01 INFO  : Successfully done query RDI_DATADIR 
01:34:35 INFO  : Checking for BSP changes to sync application flags for project 'Maze_Solver_Draft_1'...
01:35:03 INFO  : Checking for BSP changes to sync application flags for project 'Maze_Solver_Draft_1'...
01:35:24 INFO  : Checking for BSP changes to sync application flags for project 'Maze_Solver_Draft_1'...
01:37:01 INFO  : Checking for BSP changes to sync application flags for project 'Maze_Solver_Draft_1'...
01:42:44 INFO  : Checking for BSP changes to sync application flags for project 'Maze_Solver_Draft_1'...
01:51:41 INFO  : Checking for BSP changes to sync application flags for project 'Maze_Solver_Draft_1'...
01:52:15 INFO  : Checking for BSP changes to sync application flags for project 'Maze_Solver_Draft_1'...
02:20:55 INFO  : Checking for BSP changes to sync application flags for project 'Maze_Solver_Draft_1'...
02:30:17 INFO  : Checking for BSP changes to sync application flags for project 'Maze_Solver_Draft_1'...
02:33:14 INFO  : Checking for BSP changes to sync application flags for project 'Maze_Solver_Draft_1'...
02:34:18 INFO  : Checking for BSP changes to sync application flags for project 'Maze_Solver_Draft_1'...
02:42:59 INFO  : Checking for BSP changes to sync application flags for project 'Maze_Solver_Draft_1'...
02:43:42 INFO  : Checking for BSP changes to sync application flags for project 'Maze_Solver_Draft_1'...
02:46:40 INFO  : Checking for BSP changes to sync application flags for project 'Maze_Solver_Draft_1'...
02:47:29 INFO  : Checking for BSP changes to sync application flags for project 'Maze_Solver_Draft_1'...
02:50:36 INFO  : Checking for BSP changes to sync application flags for project 'Maze_Solver_Draft_1'...
02:51:16 INFO  : Checking for BSP changes to sync application flags for project 'Maze_Solver_Draft_1'...
02:52:03 INFO  : Checking for BSP changes to sync application flags for project 'Maze_Solver_Draft_1'...
02:52:59 INFO  : Checking for BSP changes to sync application flags for project 'Maze_Solver_Draft_1'...
02:53:42 INFO  : Checking for BSP changes to sync application flags for project 'Maze_Solver_Draft_1'...
02:53:57 INFO  : Checking for BSP changes to sync application flags for project 'Maze_Solver_Draft_1'...
02:54:39 INFO  : Checking for BSP changes to sync application flags for project 'Maze_Solver_Draft_1'...
02:54:55 INFO  : Inferring section assignments and sizes from elf file: /home/jashshah/Desktop/Embedded_Lab/HW_SW_Interface/Game_Buttons_RTOS/workspace/Maze_Solver_Draft_1/Debug/Maze_Solver_Draft_1.elf
02:55:04 ERROR : (XSDB Server)ERROR: [hsmtasks-61-57]  

02:55:04 ERROR : (LinkerGen) Failed to call lg_set_section_memory 
Reason: ERROR: [Common 17-39] 'set_property' failed due to earlier errors.

02:55:10 ERROR : (XSDB Server)ERROR: [hsmtasks-61-57]  

02:55:10 ERROR : (LinkerGen) Failed to call lg_set_section_memory 
Reason: ERROR: [Common 17-39] 'set_property' failed due to earlier errors.

02:56:14 INFO  : Successfully generated /home/jashshah/Desktop/Embedded_Lab/HW_SW_Interface/Game_Buttons_RTOS/workspace/Maze_Solver_Draft_1/src/lscript.ld.
02:56:14 INFO  : Applying linker script to all configurations of project Maze_Solver_Draft_1.
02:56:14 INFO  : Setting rebuild state to true for all configurations of project Maze_Solver_Draft_1.
02:56:18 INFO  : Checking for BSP changes to sync application flags for project 'Maze_Solver_Draft_1'...
02:56:24 INFO  : Connected to target on host '127.0.0.1' and port '3121'.
02:56:25 INFO  : Jtag cable 'RealDigital Boo 8874042404B4A' is selected.
02:56:25 INFO  : 'jtag frequency' command is executed.
02:56:25 INFO  : 'targets -set -filter {jtag_cable_name =~ "RealDigital Boo 8874042404B4A" && level==0 && jtag_device_ctx=="jsn1-0362f093-0"}' command is executed.
02:56:28 INFO  : Device configured successfully with "/home/jashshah/Desktop/Embedded_Lab/HW_SW_Interface/Game_Buttons_RTOS/workspace/Maze_Solver_Draft_1/_ide/bitstream/bd_wrapper.bit"
02:56:28 INFO  : Context for processor 'microblaze_0' is selected.
02:56:28 INFO  : Hardware design and registers information is loaded from '/home/jashshah/Desktop/Embedded_Lab/HW_SW_Interface/Game_Buttons_RTOS/workspace/Maze_Solver/export/Maze_Solver/hw/bd_wrapper.xsa'.
02:56:28 INFO  : 'configparams mdm-detect-bscan-mask 2' command is executed.
02:56:28 INFO  : Context for processor 'microblaze_0' is selected.
02:56:28 INFO  : System reset is completed.
02:56:31 INFO  : 'after 3000' command is executed.
02:56:31 INFO  : Context for processor 'microblaze_0' is selected.
02:56:39 INFO  : The application '/home/jashshah/Desktop/Embedded_Lab/HW_SW_Interface/Game_Buttons_RTOS/workspace/Maze_Solver_Draft_1/Debug/Maze_Solver_Draft_1.elf' is downloaded to processor 'microblaze_0'.
02:56:39 INFO  : ----------------XSDB Script----------------
connect -url tcp:127.0.0.1:3121
targets -set -filter {jtag_cable_name =~ "RealDigital Boo 8874042404B4A" && level==0 && jtag_device_ctx=="jsn1-0362f093-0"}
fpga -file /home/jashshah/Desktop/Embedded_Lab/HW_SW_Interface/Game_Buttons_RTOS/workspace/Maze_Solver_Draft_1/_ide/bitstream/bd_wrapper.bit
targets -set -nocase -filter {name =~ "*microblaze*#0" && bscan=="USER2" }
loadhw -hw /home/jashshah/Desktop/Embedded_Lab/HW_SW_Interface/Game_Buttons_RTOS/workspace/Maze_Solver/export/Maze_Solver/hw/bd_wrapper.xsa -regs
configparams mdm-detect-bscan-mask 2
targets -set -nocase -filter {name =~ "*microblaze*#0" && bscan=="USER2" }
rst -system
after 3000
targets -set -nocase -filter {name =~ "*microblaze*#0" && bscan=="USER2" }
dow /home/jashshah/Desktop/Embedded_Lab/HW_SW_Interface/Game_Buttons_RTOS/workspace/Maze_Solver_Draft_1/Debug/Maze_Solver_Draft_1.elf
----------------End of Script----------------

02:56:40 INFO  : Context for processor 'microblaze_0' is selected.
02:56:41 INFO  : 'con' command is executed.
02:56:41 INFO  : ----------------XSDB Script (After Launch)----------------
targets -set -nocase -filter {name =~ "*microblaze*#0" && bscan=="USER2" }
con
----------------End of Script----------------

02:56:41 INFO  : Launch script is exported to file '/home/jashshah/Desktop/Embedded_Lab/HW_SW_Interface/Game_Buttons_RTOS/workspace/Maze_Solver_Draft_1_system/_ide/scripts/systemdebugger_maze_solver_draft_1_system_standalone.tcl'
02:56:51 INFO  : Checking for BSP changes to sync application flags for project 'Maze_Solver_Draft_1'...
02:57:26 INFO  : Checking for BSP changes to sync application flags for project 'Maze_Solver_Draft_1'...
02:57:29 INFO  : Disconnected from the channel tcfchan#1.
02:57:29 INFO  : Connected to target on host '127.0.0.1' and port '3121'.
02:57:30 INFO  : Jtag cable 'RealDigital Boo 8874042404B4A' is selected.
02:57:30 INFO  : 'jtag frequency' command is executed.
02:57:30 INFO  : 'targets -set -filter {jtag_cable_name =~ "RealDigital Boo 8874042404B4A" && level==0 && jtag_device_ctx=="jsn1-0362f093-0"}' command is executed.
02:57:33 INFO  : Device configured successfully with "/home/jashshah/Desktop/Embedded_Lab/HW_SW_Interface/Game_Buttons_RTOS/workspace/Maze_Solver_Draft_1/_ide/bitstream/bd_wrapper.bit"
02:57:33 INFO  : Context for processor 'microblaze_0' is selected.
02:57:34 INFO  : Hardware design and registers information is loaded from '/home/jashshah/Desktop/Embedded_Lab/HW_SW_Interface/Game_Buttons_RTOS/workspace/Maze_Solver/export/Maze_Solver/hw/bd_wrapper.xsa'.
02:57:34 INFO  : 'configparams mdm-detect-bscan-mask 2' command is executed.
02:57:34 INFO  : Context for processor 'microblaze_0' is selected.
02:57:34 INFO  : System reset is completed.
02:57:37 INFO  : 'after 3000' command is executed.
02:57:37 INFO  : Context for processor 'microblaze_0' is selected.
02:57:44 INFO  : The application '/home/jashshah/Desktop/Embedded_Lab/HW_SW_Interface/Game_Buttons_RTOS/workspace/Maze_Solver_Draft_1/Debug/Maze_Solver_Draft_1.elf' is downloaded to processor 'microblaze_0'.
02:57:44 INFO  : ----------------XSDB Script----------------
connect -url tcp:127.0.0.1:3121
targets -set -filter {jtag_cable_name =~ "RealDigital Boo 8874042404B4A" && level==0 && jtag_device_ctx=="jsn1-0362f093-0"}
fpga -file /home/jashshah/Desktop/Embedded_Lab/HW_SW_Interface/Game_Buttons_RTOS/workspace/Maze_Solver_Draft_1/_ide/bitstream/bd_wrapper.bit
targets -set -nocase -filter {name =~ "*microblaze*#0" && bscan=="USER2" }
loadhw -hw /home/jashshah/Desktop/Embedded_Lab/HW_SW_Interface/Game_Buttons_RTOS/workspace/Maze_Solver/export/Maze_Solver/hw/bd_wrapper.xsa -regs
configparams mdm-detect-bscan-mask 2
targets -set -nocase -filter {name =~ "*microblaze*#0" && bscan=="USER2" }
rst -system
after 3000
targets -set -nocase -filter {name =~ "*microblaze*#0" && bscan=="USER2" }
dow /home/jashshah/Desktop/Embedded_Lab/HW_SW_Interface/Game_Buttons_RTOS/workspace/Maze_Solver_Draft_1/Debug/Maze_Solver_Draft_1.elf
----------------End of Script----------------

02:57:44 INFO  : Context for processor 'microblaze_0' is selected.
02:57:45 INFO  : 'con' command is executed.
02:57:45 INFO  : ----------------XSDB Script (After Launch)----------------
targets -set -nocase -filter {name =~ "*microblaze*#0" && bscan=="USER2" }
con
----------------End of Script----------------

02:57:45 INFO  : Launch script is exported to file '/home/jashshah/Desktop/Embedded_Lab/HW_SW_Interface/Game_Buttons_RTOS/workspace/Maze_Solver_Draft_1_system/_ide/scripts/systemdebugger_maze_solver_draft_1_system_standalone.tcl'
03:00:37 INFO  : Checking for BSP changes to sync application flags for project 'Maze_Solver_Draft_1'...
03:00:43 INFO  : Checking for BSP changes to sync application flags for project 'Maze_Solver_Draft_1'...
03:00:45 INFO  : Disconnected from the channel tcfchan#2.
03:00:45 INFO  : Connected to target on host '127.0.0.1' and port '3121'.
03:00:46 INFO  : Jtag cable 'RealDigital Boo 8874042404B4A' is selected.
03:00:46 INFO  : 'jtag frequency' command is executed.
03:00:46 INFO  : 'targets -set -filter {jtag_cable_name =~ "RealDigital Boo 8874042404B4A" && level==0 && jtag_device_ctx=="jsn1-0362f093-0"}' command is executed.
03:00:48 INFO  : Device configured successfully with "/home/jashshah/Desktop/Embedded_Lab/HW_SW_Interface/Game_Buttons_RTOS/workspace/Maze_Solver_Draft_1/_ide/bitstream/bd_wrapper.bit"
03:00:48 INFO  : Context for processor 'microblaze_0' is selected.
03:00:48 INFO  : Hardware design and registers information is loaded from '/home/jashshah/Desktop/Embedded_Lab/HW_SW_Interface/Game_Buttons_RTOS/workspace/Maze_Solver/export/Maze_Solver/hw/bd_wrapper.xsa'.
03:00:48 INFO  : 'configparams mdm-detect-bscan-mask 2' command is executed.
03:00:49 INFO  : Context for processor 'microblaze_0' is selected.
03:00:49 INFO  : System reset is completed.
03:00:52 INFO  : 'after 3000' command is executed.
03:00:52 INFO  : Context for processor 'microblaze_0' is selected.
03:00:59 INFO  : The application '/home/jashshah/Desktop/Embedded_Lab/HW_SW_Interface/Game_Buttons_RTOS/workspace/Maze_Solver_Draft_1/Debug/Maze_Solver_Draft_1.elf' is downloaded to processor 'microblaze_0'.
03:00:59 INFO  : ----------------XSDB Script----------------
connect -url tcp:127.0.0.1:3121
targets -set -filter {jtag_cable_name =~ "RealDigital Boo 8874042404B4A" && level==0 && jtag_device_ctx=="jsn1-0362f093-0"}
fpga -file /home/jashshah/Desktop/Embedded_Lab/HW_SW_Interface/Game_Buttons_RTOS/workspace/Maze_Solver_Draft_1/_ide/bitstream/bd_wrapper.bit
targets -set -nocase -filter {name =~ "*microblaze*#0" && bscan=="USER2" }
loadhw -hw /home/jashshah/Desktop/Embedded_Lab/HW_SW_Interface/Game_Buttons_RTOS/workspace/Maze_Solver/export/Maze_Solver/hw/bd_wrapper.xsa -regs
configparams mdm-detect-bscan-mask 2
targets -set -nocase -filter {name =~ "*microblaze*#0" && bscan=="USER2" }
rst -system
after 3000
targets -set -nocase -filter {name =~ "*microblaze*#0" && bscan=="USER2" }
dow /home/jashshah/Desktop/Embedded_Lab/HW_SW_Interface/Game_Buttons_RTOS/workspace/Maze_Solver_Draft_1/Debug/Maze_Solver_Draft_1.elf
----------------End of Script----------------

03:00:59 INFO  : Context for processor 'microblaze_0' is selected.
03:00:59 INFO  : 'con' command is executed.
03:00:59 INFO  : ----------------XSDB Script (After Launch)----------------
targets -set -nocase -filter {name =~ "*microblaze*#0" && bscan=="USER2" }
con
----------------End of Script----------------

03:00:59 INFO  : Launch script is exported to file '/home/jashshah/Desktop/Embedded_Lab/HW_SW_Interface/Game_Buttons_RTOS/workspace/Maze_Solver_Draft_1_system/_ide/scripts/systemdebugger_maze_solver_draft_1_system_standalone.tcl'
03:02:45 INFO  : Checking for BSP changes to sync application flags for project 'Maze_Solver_Draft_1'...
03:03:07 INFO  : Checking for BSP changes to sync application flags for project 'Maze_Solver_Draft_1'...
03:03:10 INFO  : Disconnected from the channel tcfchan#3.
03:03:10 INFO  : Connected to target on host '127.0.0.1' and port '3121'.
03:03:10 INFO  : Jtag cable 'RealDigital Boo 8874042404B4A' is selected.
03:03:10 INFO  : 'jtag frequency' command is executed.
03:03:10 INFO  : 'targets -set -filter {jtag_cable_name =~ "RealDigital Boo 8874042404B4A" && level==0 && jtag_device_ctx=="jsn1-0362f093-0"}' command is executed.
03:03:12 INFO  : Device configured successfully with "/home/jashshah/Desktop/Embedded_Lab/HW_SW_Interface/Game_Buttons_RTOS/workspace/Maze_Solver_Draft_1/_ide/bitstream/bd_wrapper.bit"
03:03:12 INFO  : Context for processor 'microblaze_0' is selected.
03:03:13 INFO  : Hardware design and registers information is loaded from '/home/jashshah/Desktop/Embedded_Lab/HW_SW_Interface/Game_Buttons_RTOS/workspace/Maze_Solver/export/Maze_Solver/hw/bd_wrapper.xsa'.
03:03:13 INFO  : 'configparams mdm-detect-bscan-mask 2' command is executed.
03:03:13 INFO  : Context for processor 'microblaze_0' is selected.
03:03:13 INFO  : System reset is completed.
03:03:16 INFO  : 'after 3000' command is executed.
03:03:16 INFO  : Context for processor 'microblaze_0' is selected.
03:03:23 INFO  : The application '/home/jashshah/Desktop/Embedded_Lab/HW_SW_Interface/Game_Buttons_RTOS/workspace/Maze_Solver_Draft_1/Debug/Maze_Solver_Draft_1.elf' is downloaded to processor 'microblaze_0'.
03:03:23 INFO  : ----------------XSDB Script----------------
connect -url tcp:127.0.0.1:3121
targets -set -filter {jtag_cable_name =~ "RealDigital Boo 8874042404B4A" && level==0 && jtag_device_ctx=="jsn1-0362f093-0"}
fpga -file /home/jashshah/Desktop/Embedded_Lab/HW_SW_Interface/Game_Buttons_RTOS/workspace/Maze_Solver_Draft_1/_ide/bitstream/bd_wrapper.bit
targets -set -nocase -filter {name =~ "*microblaze*#0" && bscan=="USER2" }
loadhw -hw /home/jashshah/Desktop/Embedded_Lab/HW_SW_Interface/Game_Buttons_RTOS/workspace/Maze_Solver/export/Maze_Solver/hw/bd_wrapper.xsa -regs
configparams mdm-detect-bscan-mask 2
targets -set -nocase -filter {name =~ "*microblaze*#0" && bscan=="USER2" }
rst -system
after 3000
targets -set -nocase -filter {name =~ "*microblaze*#0" && bscan=="USER2" }
dow /home/jashshah/Desktop/Embedded_Lab/HW_SW_Interface/Game_Buttons_RTOS/workspace/Maze_Solver_Draft_1/Debug/Maze_Solver_Draft_1.elf
----------------End of Script----------------

03:03:23 INFO  : Context for processor 'microblaze_0' is selected.
03:03:24 INFO  : 'con' command is executed.
03:03:24 INFO  : ----------------XSDB Script (After Launch)----------------
targets -set -nocase -filter {name =~ "*microblaze*#0" && bscan=="USER2" }
con
----------------End of Script----------------

03:03:24 INFO  : Launch script is exported to file '/home/jashshah/Desktop/Embedded_Lab/HW_SW_Interface/Game_Buttons_RTOS/workspace/Maze_Solver_Draft_1_system/_ide/scripts/systemdebugger_maze_solver_draft_1_system_standalone.tcl'
03:04:05 INFO  : Checking for BSP changes to sync application flags for project 'Maze_Solver_Draft_1'...
03:04:52 INFO  : Disconnected from the channel tcfchan#4.
