17:27:44 **** Incremental Build of configuration Debug for project Maze_Solver_Draft_1 ****
make all 
Building file: ../src/game.c
Invoking: MicroBlaze gcc compiler
mb-gcc -Wall -O0 -g3 -c -fmessage-length=0 -MT"src/game.o" -I/home/jashshah/Desktop/Embedded_Lab/HW_SW_Interface/Game_Buttons_RTOS/workspace/Maze_Solver/export/Maze_Solver/sw/Maze_Solver/standalone_domain/bspinclude/include -mlittle-endian -mxl-barrel-shift -mno-xl-soft-div -mcpu=v11.0 -mno-xl-soft-mul -mhard-float -Wl,--no-relax -ffunction-sections -fdata-sections -MMD -MP -MF"src/game.d" -MT"src/game.o" -o "src/game.o" "../src/game.c"
In file included from ../src/qpn_port.h:38,
                 from ../src/game.c:8:
/home/jashshah/Desktop/Embedded_Lab/HW_SW_Interface/Game_Buttons_RTOS/workspace/Maze_Solver/export/Maze_Solver/sw/Maze_Solver/standalone_domain/bspinclude/include/xbasic_types.h:102:2: warning: #warning The xbasics_type.h file is deprecated and users should use xil_types.h and xil_assert. [-Wcpp]
  102 | #warning  The xbasics_type.h file is deprecated and users should use xil_types.h and xil_assert.
      |  ^~~~~~~
/home/jashshah/Desktop/Embedded_Lab/HW_SW_Interface/Game_Buttons_RTOS/workspace/Maze_Solver/export/Maze_Solver/sw/Maze_Solver/standalone_domain/bspinclude/include/xbasic_types.h:103:2: warning: #warning Please refer the Standalone BSP UG647 for further details [-Wcpp]
  103 | #warning  Please refer the Standalone BSP UG647 for further details
      |  ^~~~~~~
../src/game.c: In function 'calcVolume':
../src/game.c:140:20: error: 'vlm_lvl' undeclared (first use in this function)
  140 |                 if(vlm_lvl != 100){vlm_lvl+=1;}
      |                    ^~~~~~~
../src/game.c:140:20: note: each undeclared identifier is reported only once for each function it appears in
../src/game.c: In function 'drawVolume':
../src/game.c:173:31: error: 'vlm_lvl' undeclared (first use in this function)
  173 |         fillRect(60, 70, 60 + vlm_lvl, 90);
      |                               ^~~~~~~
make: *** [src/subdir.mk:50: src/game.o] Error 1

17:27:44 Build Finished (took 167ms)

