18:38:20 **** Incremental Build of configuration Debug for project Maze_Solver_Draft_1 ****
make all 
Building file: ../src/game.c
Invoking: MicroBlaze gcc compiler
mb-gcc -Wall -O0 -g3 -c -fmessage-length=0 -MT"src/game.o" -I/home/jashshah/Desktop/Embedded_Lab/HW_SW_Interface/Game_Buttons_RTOS/workspace/Maze_Solver/export/Maze_Solver/sw/Maze_Solver/standalone_domain/bspinclude/include -mlittle-endian -mxl-barrel-shift -mno-xl-soft-div -mcpu=v11.0 -mno-xl-soft-mul -mhard-float -Wl,--no-relax -ffunction-sections -fdata-sections -MMD -MP -MF"src/game.d" -MT"src/game.o" -o "src/game.o" "../src/game.c"
In file included from ../src/qpn_port.h:38,
                 from ../src/game.c:9:
/home/jashshah/Desktop/Embedded_Lab/HW_SW_Interface/Game_Buttons_RTOS/workspace/Maze_Solver/export/Maze_Solver/sw/Maze_Solver/standalone_domain/bspinclude/include/xbasic_types.h:102:2: warning: #warning The xbasics_type.h file is deprecated and users should use xil_types.h and xil_assert. [-Wcpp]
  102 | #warning  The xbasics_type.h file is deprecated and users should use xil_types.h and xil_assert.
      |  ^~~~~~~
/home/jashshah/Desktop/Embedded_Lab/HW_SW_Interface/Game_Buttons_RTOS/workspace/Maze_Solver/export/Maze_Solver/sw/Maze_Solver/standalone_domain/bspinclude/include/xbasic_types.h:103:2: warning: #warning Please refer the Standalone BSP UG647 for further details [-Wcpp]
  103 | #warning  Please refer the Standalone BSP UG647 for further details
      |  ^~~~~~~
../src/game.c: In function 'Running':
../src/game.c:162:57: warning: implicit declaration of function 'usleep' [-Wimplicit-function-declaration]
  162 |                                                         usleep(10000);  // Animation
      |                                                         ^~~~~~
Finished building: ../src/game.c
 
Building target: Maze_Solver_Draft_1.elf
Invoking: MicroBlaze gcc linker
mb-gcc -Wl,-T -Wl,../src/lscript.ld -L/home/jashshah/Desktop/Embedded_Lab/HW_SW_Interface/Game_Buttons_RTOS/workspace/Maze_Solver/export/Maze_Solver/sw/Maze_Solver/standalone_domain/bsplib/lib -mlittle-endian -mxl-barrel-shift -mno-xl-soft-div -mcpu=v11.0 -mno-xl-soft-mul -mhard-float -Wl,--no-relax -Wl,--gc-sections -o "Maze_Solver_Draft_1.elf"  ./src/bsp.o ./src/fonts.o ./src/game.o ./src/lcd.o ./src/main.o ./src/platform.o ./src/qepn.o ./src/qfn.o ./src/qfn_init.o ./src/sevenSeg_new.o   -Wl,--start-group,-lxil,-lgcc,-lc,--end-group
Finished building target: Maze_Solver_Draft_1.elf
 
Invoking: MicroBlaze Print Size
mb-size Maze_Solver_Draft_1.elf  |tee "Maze_Solver_Draft_1.elf.size"
   text	   data	    bss	    dec	    hex	filename
  97932	   8732	8389216	8495880	 81a308	Maze_Solver_Draft_1.elf
Finished building: Maze_Solver_Draft_1.elf.size
 

18:38:20 Build Finished (took 538ms)

