13:28:17 DEBUG : Logs will be stored at '/home/jashshah/Desktop/Embedded_Lab/HW_SW_Interface/Voice_Control_Game/workspace/IDE.log'.
13:28:18 INFO  : Launching XSCT server: xsct -n  -interactive /home/jashshah/Desktop/Embedded_Lab/HW_SW_Interface/Voice_Control_Game/workspace/temp_xsdb_launch_script.tcl
13:28:18 INFO  : Registering command handlers for Vitis TCF services
13:28:18 INFO  : Platform repository initialization has completed.
13:28:20 INFO  : XSCT server has started successfully.
13:28:20 INFO  : plnx-install-location is set to ''
13:28:21 INFO  : Successfully done setting XSCT server connection channel  
13:28:21 INFO  : Successfully done query RDI_DATADIR 
13:28:21 INFO  : Successfully done setting workspace for the tool. 
13:31:31 INFO  : Result from executing command 'getProjects': Final_Project
13:31:31 INFO  : Result from executing command 'getPlatforms': xilinx_vck190_base_202210_1|/ece/Xilinx/Vitis/2022.1/base_platforms/xilinx_vck190_base_202210_1/xilinx_vck190_base_202210_1.xpfm;xilinx_vck190_base_dfx_202210_1|/ece/Xilinx/Vitis/2022.1/base_platforms/xilinx_vck190_base_dfx_202210_1/xilinx_vck190_base_dfx_202210_1.xpfm;xilinx_vmk180_base_202210_1|/ece/Xilinx/Vitis/2022.1/base_platforms/xilinx_vmk180_base_202210_1/xilinx_vmk180_base_202210_1.xpfm;xilinx_zcu102_base_202210_1|/ece/Xilinx/Vitis/2022.1/base_platforms/xilinx_zcu102_base_202210_1/xilinx_zcu102_base_202210_1.xpfm;xilinx_zcu102_base_dfx_202210_1|/ece/Xilinx/Vitis/2022.1/base_platforms/xilinx_zcu102_base_dfx_202210_1/xilinx_zcu102_base_dfx_202210_1.xpfm;xilinx_zcu104_base_202210_1|/ece/Xilinx/Vitis/2022.1/base_platforms/xilinx_zcu104_base_202210_1/xilinx_zcu104_base_202210_1.xpfm
13:32:37 INFO  : Result from executing command 'getProjects': Final_Project
13:32:37 INFO  : Result from executing command 'getPlatforms': Final_Project|/home/jashshah/Desktop/Embedded_Lab/HW_SW_Interface/Voice_Control_Game/workspace/Final_Project/export/Final_Project/Final_Project.xpfm;xilinx_vck190_base_202210_1|/ece/Xilinx/Vitis/2022.1/base_platforms/xilinx_vck190_base_202210_1/xilinx_vck190_base_202210_1.xpfm;xilinx_vck190_base_dfx_202210_1|/ece/Xilinx/Vitis/2022.1/base_platforms/xilinx_vck190_base_dfx_202210_1/xilinx_vck190_base_dfx_202210_1.xpfm;xilinx_vmk180_base_202210_1|/ece/Xilinx/Vitis/2022.1/base_platforms/xilinx_vmk180_base_202210_1/xilinx_vmk180_base_202210_1.xpfm;xilinx_zcu102_base_202210_1|/ece/Xilinx/Vitis/2022.1/base_platforms/xilinx_zcu102_base_202210_1/xilinx_zcu102_base_202210_1.xpfm;xilinx_zcu102_base_dfx_202210_1|/ece/Xilinx/Vitis/2022.1/base_platforms/xilinx_zcu102_base_dfx_202210_1/xilinx_zcu102_base_dfx_202210_1.xpfm;xilinx_zcu104_base_202210_1|/ece/Xilinx/Vitis/2022.1/base_platforms/xilinx_zcu104_base_202210_1/xilinx_zcu104_base_202210_1.xpfm
13:32:41 INFO  : Checking for BSP changes to sync application flags for project 'Voice_Game_Software'...
13:32:43 INFO  : Connected to target on host '127.0.0.1' and port '3121'.
13:32:45 INFO  : Jtag cable 'RealDigital Boo 8874042404B4A' is selected.
13:32:45 INFO  : 'jtag frequency' command is executed.
13:32:45 INFO  : 'targets -set -filter {jtag_cable_name =~ "RealDigital Boo 8874042404B4A" && level==0 && jtag_device_ctx=="jsn1-0362f093-0"}' command is executed.
13:32:47 INFO  : Device configured successfully with "/home/jashshah/Desktop/Embedded_Lab/HW_SW_Interface/Voice_Control_Game/workspace/Voice_Game_Software/_ide/bitstream/bd_wrapper.bit"
13:32:47 INFO  : Context for processor 'microblaze_0' is selected.
13:32:47 INFO  : Hardware design and registers information is loaded from '/home/jashshah/Desktop/Embedded_Lab/HW_SW_Interface/Voice_Control_Game/workspace/Final_Project/export/Final_Project/hw/bd_wrapper.xsa'.
13:32:47 INFO  : 'configparams mdm-detect-bscan-mask 2' command is executed.
13:32:47 INFO  : Context for processor 'microblaze_0' is selected.
13:32:47 INFO  : Processor reset is completed for 'microblaze_0'.
13:32:47 INFO  : Context for processor 'microblaze_0' is selected.
13:32:48 INFO  : The application '/home/jashshah/Desktop/Embedded_Lab/HW_SW_Interface/Voice_Control_Game/workspace/Voice_Game_Software/Debug/Voice_Game_Software.elf' is downloaded to processor 'microblaze_0'.
13:32:48 INFO  : ----------------XSDB Script----------------
connect -url tcp:127.0.0.1:3121
targets -set -filter {jtag_cable_name =~ "RealDigital Boo 8874042404B4A" && level==0 && jtag_device_ctx=="jsn1-0362f093-0"}
fpga -file /home/jashshah/Desktop/Embedded_Lab/HW_SW_Interface/Voice_Control_Game/workspace/Voice_Game_Software/_ide/bitstream/bd_wrapper.bit
targets -set -nocase -filter {name =~ "*microblaze*#0" && bscan=="USER2" }
loadhw -hw /home/jashshah/Desktop/Embedded_Lab/HW_SW_Interface/Voice_Control_Game/workspace/Final_Project/export/Final_Project/hw/bd_wrapper.xsa -regs
configparams mdm-detect-bscan-mask 2
targets -set -nocase -filter {name =~ "*microblaze*#0" && bscan=="USER2" }
rst -processor
targets -set -nocase -filter {name =~ "*microblaze*#0" && bscan=="USER2" }
dow /home/jashshah/Desktop/Embedded_Lab/HW_SW_Interface/Voice_Control_Game/workspace/Voice_Game_Software/Debug/Voice_Game_Software.elf
----------------End of Script----------------

13:32:48 INFO  : Context for processor 'microblaze_0' is selected.
13:32:48 INFO  : 'con' command is executed.
13:32:48 INFO  : ----------------XSDB Script (After Launch)----------------
targets -set -nocase -filter {name =~ "*microblaze*#0" && bscan=="USER2" }
con
----------------End of Script----------------

13:32:48 INFO  : Launch script is exported to file '/home/jashshah/Desktop/Embedded_Lab/HW_SW_Interface/Voice_Control_Game/workspace/Voice_Game_Software_system/_ide/scripts/systemdebugger_voice_game_software_system_standalone.tcl'
13:32:50 INFO  : Checking for BSP changes to sync application flags for project 'Voice_Game_Software'...
13:34:00 INFO  : Checking for BSP changes to sync application flags for project 'Voice_Game_Software'...
13:34:20 INFO  : Checking for BSP changes to sync application flags for project 'Voice_Game_Software'...
13:34:38 INFO  : Checking for BSP changes to sync application flags for project 'Voice_Game_Software'...
13:34:52 INFO  : Checking for BSP changes to sync application flags for project 'Voice_Game_Software'...
13:34:58 INFO  : Disconnected from the channel tcfchan#2.
13:34:58 INFO  : Connected to target on host '127.0.0.1' and port '3121'.
13:34:58 INFO  : Jtag cable 'RealDigital Boo 8874042404B4A' is selected.
13:34:58 INFO  : 'jtag frequency' command is executed.
13:34:59 INFO  : 'targets -set -filter {jtag_cable_name =~ "RealDigital Boo 8874042404B4A" && level==0 && jtag_device_ctx=="jsn1-0362f093-0"}' command is executed.
13:35:00 INFO  : Device configured successfully with "/home/jashshah/Desktop/Embedded_Lab/HW_SW_Interface/Voice_Control_Game/workspace/Voice_Game_Software/_ide/bitstream/bd_wrapper.bit"
13:35:00 INFO  : Context for processor 'microblaze_0' is selected.
13:35:00 INFO  : Hardware design and registers information is loaded from '/home/jashshah/Desktop/Embedded_Lab/HW_SW_Interface/Voice_Control_Game/workspace/Final_Project/export/Final_Project/hw/bd_wrapper.xsa'.
13:35:00 INFO  : 'configparams mdm-detect-bscan-mask 2' command is executed.
13:35:00 INFO  : Context for processor 'microblaze_0' is selected.
13:35:00 INFO  : Processor reset is completed for 'microblaze_0'.
13:35:00 INFO  : Context for processor 'microblaze_0' is selected.
13:35:04 INFO  : The application '/home/jashshah/Desktop/Embedded_Lab/HW_SW_Interface/Voice_Control_Game/workspace/Voice_Game_Software/Debug/Voice_Game_Software.elf' is downloaded to processor 'microblaze_0'.
13:35:04 INFO  : ----------------XSDB Script----------------
connect -url tcp:127.0.0.1:3121
targets -set -filter {jtag_cable_name =~ "RealDigital Boo 8874042404B4A" && level==0 && jtag_device_ctx=="jsn1-0362f093-0"}
fpga -file /home/jashshah/Desktop/Embedded_Lab/HW_SW_Interface/Voice_Control_Game/workspace/Voice_Game_Software/_ide/bitstream/bd_wrapper.bit
targets -set -nocase -filter {name =~ "*microblaze*#0" && bscan=="USER2" }
loadhw -hw /home/jashshah/Desktop/Embedded_Lab/HW_SW_Interface/Voice_Control_Game/workspace/Final_Project/export/Final_Project/hw/bd_wrapper.xsa -regs
configparams mdm-detect-bscan-mask 2
targets -set -nocase -filter {name =~ "*microblaze*#0" && bscan=="USER2" }
rst -processor
targets -set -nocase -filter {name =~ "*microblaze*#0" && bscan=="USER2" }
dow /home/jashshah/Desktop/Embedded_Lab/HW_SW_Interface/Voice_Control_Game/workspace/Voice_Game_Software/Debug/Voice_Game_Software.elf
----------------End of Script----------------

13:35:04 INFO  : Context for processor 'microblaze_0' is selected.
13:35:04 INFO  : 'con' command is executed.
13:35:04 INFO  : ----------------XSDB Script (After Launch)----------------
targets -set -nocase -filter {name =~ "*microblaze*#0" && bscan=="USER2" }
con
----------------End of Script----------------

13:35:04 INFO  : Launch script is exported to file '/home/jashshah/Desktop/Embedded_Lab/HW_SW_Interface/Voice_Control_Game/workspace/Voice_Game_Software_system/_ide/scripts/systemdebugger_voice_game_software_system_standalone.tcl'
13:36:06 INFO  : Checking for BSP changes to sync application flags for project 'Voice_Game_Software'...
13:47:13 INFO  : Checking for BSP changes to sync application flags for project 'Voice_Game_Software'...
13:47:20 INFO  : Disconnected from the channel tcfchan#3.
13:47:20 INFO  : Connected to target on host '127.0.0.1' and port '3121'.
13:47:20 INFO  : Jtag cable 'RealDigital Boo 8874042404B4A' is selected.
13:47:20 INFO  : 'jtag frequency' command is executed.
13:47:20 INFO  : 'targets -set -filter {jtag_cable_name =~ "RealDigital Boo 8874042404B4A" && level==0 && jtag_device_ctx=="jsn1-0362f093-0"}' command is executed.
13:47:23 INFO  : Device configured successfully with "/home/jashshah/Desktop/Embedded_Lab/HW_SW_Interface/Voice_Control_Game/workspace/Voice_Game_Software/_ide/bitstream/bd_wrapper.bit"
13:47:23 INFO  : Context for processor 'microblaze_0' is selected.
13:47:23 INFO  : Hardware design and registers information is loaded from '/home/jashshah/Desktop/Embedded_Lab/HW_SW_Interface/Voice_Control_Game/workspace/Final_Project/export/Final_Project/hw/bd_wrapper.xsa'.
13:47:23 INFO  : 'configparams mdm-detect-bscan-mask 2' command is executed.
13:47:23 INFO  : Context for processor 'microblaze_0' is selected.
13:47:23 INFO  : Processor reset is completed for 'microblaze_0'.
13:47:23 INFO  : Context for processor 'microblaze_0' is selected.
13:47:25 INFO  : The application '/home/jashshah/Desktop/Embedded_Lab/HW_SW_Interface/Voice_Control_Game/workspace/Voice_Game_Software/Debug/Voice_Game_Software.elf' is downloaded to processor 'microblaze_0'.
13:47:25 INFO  : ----------------XSDB Script----------------
connect -url tcp:127.0.0.1:3121
targets -set -filter {jtag_cable_name =~ "RealDigital Boo 8874042404B4A" && level==0 && jtag_device_ctx=="jsn1-0362f093-0"}
fpga -file /home/jashshah/Desktop/Embedded_Lab/HW_SW_Interface/Voice_Control_Game/workspace/Voice_Game_Software/_ide/bitstream/bd_wrapper.bit
targets -set -nocase -filter {name =~ "*microblaze*#0" && bscan=="USER2" }
loadhw -hw /home/jashshah/Desktop/Embedded_Lab/HW_SW_Interface/Voice_Control_Game/workspace/Final_Project/export/Final_Project/hw/bd_wrapper.xsa -regs
configparams mdm-detect-bscan-mask 2
targets -set -nocase -filter {name =~ "*microblaze*#0" && bscan=="USER2" }
rst -processor
targets -set -nocase -filter {name =~ "*microblaze*#0" && bscan=="USER2" }
dow /home/jashshah/Desktop/Embedded_Lab/HW_SW_Interface/Voice_Control_Game/workspace/Voice_Game_Software/Debug/Voice_Game_Software.elf
----------------End of Script----------------

13:47:25 INFO  : Context for processor 'microblaze_0' is selected.
13:47:25 INFO  : 'con' command is executed.
13:47:25 INFO  : ----------------XSDB Script (After Launch)----------------
targets -set -nocase -filter {name =~ "*microblaze*#0" && bscan=="USER2" }
con
----------------End of Script----------------

13:47:25 INFO  : Launch script is exported to file '/home/jashshah/Desktop/Embedded_Lab/HW_SW_Interface/Voice_Control_Game/workspace/Voice_Game_Software_system/_ide/scripts/systemdebugger_voice_game_software_system_standalone.tcl'
13:48:13 INFO  : Disconnected from the channel tcfchan#4.
13:48:13 INFO  : Connected to target on host '127.0.0.1' and port '3121'.
13:48:13 INFO  : Jtag cable 'RealDigital Boo 8874042404B4A' is selected.
13:48:13 INFO  : 'jtag frequency' command is executed.
13:48:13 INFO  : 'targets -set -filter {jtag_cable_name =~ "RealDigital Boo 8874042404B4A" && level==0 && jtag_device_ctx=="jsn1-0362f093-0"}' command is executed.
13:48:15 INFO  : Device configured successfully with "/home/jashshah/Desktop/Embedded_Lab/HW_SW_Interface/Voice_Control_Game/workspace/Voice_Game_Software/_ide/bitstream/bd_wrapper.bit"
13:48:15 INFO  : Context for processor 'microblaze_0' is selected.
13:48:15 INFO  : Hardware design and registers information is loaded from '/home/jashshah/Desktop/Embedded_Lab/HW_SW_Interface/Voice_Control_Game/workspace/Final_Project/export/Final_Project/hw/bd_wrapper.xsa'.
13:48:15 INFO  : 'configparams mdm-detect-bscan-mask 2' command is executed.
13:48:15 INFO  : Context for processor 'microblaze_0' is selected.
13:48:16 INFO  : Processor reset is completed for 'microblaze_0'.
13:48:16 INFO  : Context for processor 'microblaze_0' is selected.
13:48:17 INFO  : The application '/home/jashshah/Desktop/Embedded_Lab/HW_SW_Interface/Voice_Control_Game/workspace/Voice_Game_Software/Debug/Voice_Game_Software.elf' is downloaded to processor 'microblaze_0'.
13:48:17 INFO  : ----------------XSDB Script----------------
connect -url tcp:127.0.0.1:3121
targets -set -filter {jtag_cable_name =~ "RealDigital Boo 8874042404B4A" && level==0 && jtag_device_ctx=="jsn1-0362f093-0"}
fpga -file /home/jashshah/Desktop/Embedded_Lab/HW_SW_Interface/Voice_Control_Game/workspace/Voice_Game_Software/_ide/bitstream/bd_wrapper.bit
targets -set -nocase -filter {name =~ "*microblaze*#0" && bscan=="USER2" }
loadhw -hw /home/jashshah/Desktop/Embedded_Lab/HW_SW_Interface/Voice_Control_Game/workspace/Final_Project/export/Final_Project/hw/bd_wrapper.xsa -regs
configparams mdm-detect-bscan-mask 2
targets -set -nocase -filter {name =~ "*microblaze*#0" && bscan=="USER2" }
rst -processor
targets -set -nocase -filter {name =~ "*microblaze*#0" && bscan=="USER2" }
dow /home/jashshah/Desktop/Embedded_Lab/HW_SW_Interface/Voice_Control_Game/workspace/Voice_Game_Software/Debug/Voice_Game_Software.elf
----------------End of Script----------------

13:48:17 INFO  : Context for processor 'microblaze_0' is selected.
13:48:18 INFO  : 'con' command is executed.
13:48:18 INFO  : ----------------XSDB Script (After Launch)----------------
targets -set -nocase -filter {name =~ "*microblaze*#0" && bscan=="USER2" }
con
----------------End of Script----------------

13:48:18 INFO  : Launch script is exported to file '/home/jashshah/Desktop/Embedded_Lab/HW_SW_Interface/Voice_Control_Game/workspace/Voice_Game_Software_system/_ide/scripts/systemdebugger_voice_game_software_system_standalone.tcl'
14:23:09 INFO  : Disconnected from the channel tcfchan#5.
